Archive member included because of file (symbol)

/usr/lib/gcc/avr/4.3.4/avr4/libgcc.a(_exit.o)
                              /usr/lib/gcc/avr/4.3.4/../../../avr/lib/avr4/crtm8.o (exit)
/usr/lib/gcc/avr/4.3.4/avr4/libgcc.a(_copy_data.o)
                              main.o (__do_copy_data)
/usr/lib/gcc/avr/4.3.4/avr4/libgcc.a(_clear_bss.o)
                              main.o (__do_clear_bss)
/usr/lib/gcc/avr/4.3.4/../../../avr/lib/avr4/libc.a(vsprintf.o)
                              uart.o (vsprintf)
/usr/lib/gcc/avr/4.3.4/../../../avr/lib/avr4/libc.a(vfprintf_std.o)
                              /usr/lib/gcc/avr/4.3.4/../../../avr/lib/avr4/libc.a(vsprintf.o) (vfprintf)
/usr/lib/gcc/avr/4.3.4/../../../avr/lib/avr4/libc.a(strnlen_P.o)
                              /usr/lib/gcc/avr/4.3.4/../../../avr/lib/avr4/libc.a(vfprintf_std.o) (strnlen_P)
/usr/lib/gcc/avr/4.3.4/../../../avr/lib/avr4/libc.a(strnlen.o)
                              /usr/lib/gcc/avr/4.3.4/../../../avr/lib/avr4/libc.a(vfprintf_std.o) (strnlen)
/usr/lib/gcc/avr/4.3.4/../../../avr/lib/avr4/libc.a(fputc.o)
                              /usr/lib/gcc/avr/4.3.4/../../../avr/lib/avr4/libc.a(vfprintf_std.o) (fputc)
/usr/lib/gcc/avr/4.3.4/../../../avr/lib/avr4/libc.a(ultoa_invert.o)
                              /usr/lib/gcc/avr/4.3.4/../../../avr/lib/avr4/libc.a(vfprintf_std.o) (__ultoa_invert)
/usr/lib/gcc/avr/4.3.4/avr4/libgcc.a(_prologue.o)
                              /usr/lib/gcc/avr/4.3.4/../../../avr/lib/avr4/libc.a(vsprintf.o) (__prologue_saves__)
/usr/lib/gcc/avr/4.3.4/avr4/libgcc.a(_epilogue.o)
                              /usr/lib/gcc/avr/4.3.4/../../../avr/lib/avr4/libc.a(vsprintf.o) (__epilogue_restores__)

Memory Configuration

Name             Origin             Length             Attributes
text             0x00000000         0x00002000         xr
data             0x00800060         0x0000ffa0         rw !x
eeprom           0x00810000         0x00010000         rw !x
fuse             0x00820000         0x00000400         rw !x
lock             0x00830000         0x00000400         rw !x
signature        0x00840000         0x00000400         rw !x
*default*        0x00000000         0xffffffff

Linker script and memory map

LOAD /usr/lib/gcc/avr/4.3.4/../../../avr/lib/avr4/crtm8.o
LOAD main.o
LOAD uart.o
LOAD /usr/lib/gcc/avr/4.3.4/avr4/libgcc.a
LOAD /usr/lib/gcc/avr/4.3.4/../../../avr/lib/avr4/libc.a
LOAD /usr/lib/gcc/avr/4.3.4/avr4/libgcc.a

.hash
 *(.hash)

.dynsym
 *(.dynsym)

.dynstr
 *(.dynstr)

.gnu.version
 *(.gnu.version)

.gnu.version_d
 *(.gnu.version_d)

.gnu.version_r
 *(.gnu.version_r)

.rel.init
 *(.rel.init)

.rela.init
 *(.rela.init)

.rel.text
 *(.rel.text)
 *(.rel.text.*)
 *(.rel.gnu.linkonce.t*)

.rela.text
 *(.rela.text)
 *(.rela.text.*)
 *(.rela.gnu.linkonce.t*)

.rel.fini
 *(.rel.fini)

.rela.fini
 *(.rela.fini)

.rel.rodata
 *(.rel.rodata)
 *(.rel.rodata.*)
 *(.rel.gnu.linkonce.r*)

.rela.rodata
 *(.rela.rodata)
 *(.rela.rodata.*)
 *(.rela.gnu.linkonce.r*)

.rel.data
 *(.rel.data)
 *(.rel.data.*)
 *(.rel.gnu.linkonce.d*)

.rela.data
 *(.rela.data)
 *(.rela.data.*)
 *(.rela.gnu.linkonce.d*)

.rel.ctors
 *(.rel.ctors)

.rela.ctors
 *(.rela.ctors)

.rel.dtors
 *(.rel.dtors)

.rela.dtors
 *(.rela.dtors)

.rel.got
 *(.rel.got)

.rela.got
 *(.rela.got)

.rel.bss
 *(.rel.bss)

.rela.bss
 *(.rela.bss)

.rel.plt
 *(.rel.plt)

.rela.plt
 *(.rela.plt)

.text           0x00000000      0x918
 *(.vectors)
 .vectors       0x00000000       0x26 /usr/lib/gcc/avr/4.3.4/../../../avr/lib/avr4/crtm8.o
                0x00000000                __vectors
                0x00000000                __vector_default
 *(.vectors)
 *(.progmem.gcc*)
 *(.progmem*)
                0x00000026                . = ALIGN (0x2)
                0x00000026                __trampolines_start = .
 *(.trampolines)
 .trampolines   0x00000026        0x0 linker stubs
 *(.trampolines*)
                0x00000026                __trampolines_end = .
 *(.jumptables)
 *(.jumptables*)
 *(.lowtext)
 *(.lowtext*)
                0x00000026                __ctors_start = .
 *(.ctors)
                0x00000026                __ctors_end = .
                0x00000026                __dtors_start = .
 *(.dtors)
                0x00000026                __dtors_end = .
 SORT(*)(.ctors)
 SORT(*)(.dtors)
 *(.init0)
 .init0         0x00000026        0x0 /usr/lib/gcc/avr/4.3.4/../../../avr/lib/avr4/crtm8.o
                0x00000026                __init
 *(.init0)
 *(.init1)
 *(.init1)
 *(.init2)
 .init2         0x00000026        0xc /usr/lib/gcc/avr/4.3.4/../../../avr/lib/avr4/crtm8.o
 *(.init2)
 *(.init3)
 *(.init3)
 *(.init4)
 .init4         0x00000032       0x16 /usr/lib/gcc/avr/4.3.4/avr4/libgcc.a(_copy_data.o)
                0x00000032                __do_copy_data
 .init4         0x00000048       0x10 /usr/lib/gcc/avr/4.3.4/avr4/libgcc.a(_clear_bss.o)
                0x00000048                __do_clear_bss
 *(.init4)
 *(.init5)
 *(.init5)
 *(.init6)
 *(.init6)
 *(.init7)
 *(.init7)
 *(.init8)
 *(.init8)
 *(.init9)
 .init9         0x00000058        0x4 /usr/lib/gcc/avr/4.3.4/../../../avr/lib/avr4/crtm8.o
 *(.init9)
 *(.text)
 .text          0x0000005c        0x2 /usr/lib/gcc/avr/4.3.4/../../../avr/lib/avr4/crtm8.o
                0x0000005c                __vector_1
                0x0000005c                __bad_interrupt
                0x0000005c                __vector_6
                0x0000005c                __vector_3
                0x0000005c                __vector_13
                0x0000005c                __vector_17
                0x0000005c                __vector_7
                0x0000005c                __vector_5
                0x0000005c                __vector_4
                0x0000005c                __vector_9
                0x0000005c                __vector_2
                0x0000005c                __vector_15
                0x0000005c                __vector_8
                0x0000005c                __vector_14
                0x0000005c                __vector_10
                0x0000005c                __vector_16
                0x0000005c                __vector_18
 .text          0x0000005e      0x116 main.o
                0x0000005e                port_init
                0x00000070                init_uart
                0x00000084                put_char
                0x0000008c                led_test
                0x000000c8                init_uart2
                0x000000d0                init_devices
                0x000000f2                main
 .text          0x00000174      0x224 uart.o
                0x00000174                __vector_11
                0x000001c8                __vector_12
                0x00000212                uart_init
                0x0000023c                uart_ngetc
                0x000002a6                uart_getc
                0x000002b0                uart_nputc
                0x000002de                uart_putc
                0x000002e6                uart_nputs
                0x00000322                uart_puts
                0x0000033a                uart_printf
 .text          0x00000398        0x0 /usr/lib/gcc/avr/4.3.4/avr4/libgcc.a(_exit.o)
 .text          0x00000398        0x0 /usr/lib/gcc/avr/4.3.4/avr4/libgcc.a(_copy_data.o)
 .text          0x00000398        0x0 /usr/lib/gcc/avr/4.3.4/avr4/libgcc.a(_clear_bss.o)
 .text          0x00000398        0x0 /usr/lib/gcc/avr/4.3.4/../../../avr/lib/avr4/libc.a(vsprintf.o)
 .text          0x00000398        0x0 /usr/lib/gcc/avr/4.3.4/../../../avr/lib/avr4/libc.a(vfprintf_std.o)
 .text          0x00000398        0x0 /usr/lib/gcc/avr/4.3.4/../../../avr/lib/avr4/libc.a(strnlen_P.o)
 .text          0x00000398        0x0 /usr/lib/gcc/avr/4.3.4/../../../avr/lib/avr4/libc.a(strnlen.o)
 .text          0x00000398        0x0 /usr/lib/gcc/avr/4.3.4/../../../avr/lib/avr4/libc.a(fputc.o)
 .text          0x00000398        0x0 /usr/lib/gcc/avr/4.3.4/../../../avr/lib/avr4/libc.a(ultoa_invert.o)
 .text          0x00000398        0x0 /usr/lib/gcc/avr/4.3.4/avr4/libgcc.a(_prologue.o)
 .text          0x00000398        0x0 /usr/lib/gcc/avr/4.3.4/avr4/libgcc.a(_epilogue.o)
                0x00000398                . = ALIGN (0x2)
 *(.text.*)
 .text.libgcc   0x00000398        0x0 /usr/lib/gcc/avr/4.3.4/avr4/libgcc.a(_exit.o)
 .text.libgcc   0x00000398        0x0 /usr/lib/gcc/avr/4.3.4/avr4/libgcc.a(_copy_data.o)
 .text.libgcc   0x00000398        0x0 /usr/lib/gcc/avr/4.3.4/avr4/libgcc.a(_clear_bss.o)
 .text.avr-libc
                0x00000398       0x32 /usr/lib/gcc/avr/4.3.4/../../../avr/lib/avr4/libc.a(vsprintf.o)
                0x00000398                vsprintf
 .text.avr-libc
                0x000003ca      0x39c /usr/lib/gcc/avr/4.3.4/../../../avr/lib/avr4/libc.a(vfprintf_std.o)
                0x000003ca                vfprintf
 .text.avr-libc
                0x00000766       0x16 /usr/lib/gcc/avr/4.3.4/../../../avr/lib/avr4/libc.a(strnlen_P.o)
                0x00000766                strnlen_P
 .text.avr-libc
                0x0000077c       0x16 /usr/lib/gcc/avr/4.3.4/../../../avr/lib/avr4/libc.a(strnlen.o)
                0x0000077c                strnlen
 .text.avr-libc
                0x00000792       0x58 /usr/lib/gcc/avr/4.3.4/../../../avr/lib/avr4/libc.a(fputc.o)
                0x00000792                fputc
 .text.avr-libc
                0x000007ea       0xbc /usr/lib/gcc/avr/4.3.4/../../../avr/lib/avr4/libc.a(ultoa_invert.o)
                0x000007ea                __ultoa_invert
 .text.libgcc   0x000008a6       0x38 /usr/lib/gcc/avr/4.3.4/avr4/libgcc.a(_prologue.o)
                0x000008a6                __prologue_saves__
 .text.libgcc   0x000008de       0x36 /usr/lib/gcc/avr/4.3.4/avr4/libgcc.a(_epilogue.o)
                0x000008de                __epilogue_restores__
                0x00000914                . = ALIGN (0x2)
 *(.fini9)
 .fini9         0x00000914        0x0 /usr/lib/gcc/avr/4.3.4/avr4/libgcc.a(_exit.o)
                0x00000914                exit
                0x00000914                _exit
 *(.fini9)
 *(.fini8)
 *(.fini8)
 *(.fini7)
 *(.fini7)
 *(.fini6)
 *(.fini6)
 *(.fini5)
 *(.fini5)
 *(.fini4)
 *(.fini4)
 *(.fini3)
 *(.fini3)
 *(.fini2)
 *(.fini2)
 *(.fini1)
 *(.fini1)
 *(.fini0)
 .fini0         0x00000914        0x4 /usr/lib/gcc/avr/4.3.4/avr4/libgcc.a(_exit.o)
 *(.fini0)
                0x00000918                _etext = .

.data           0x00800060       0x4e load address 0x00000918
                0x00800060                PROVIDE (__data_start, .)
 *(.data)
 .data          0x00800060        0x0 /usr/lib/gcc/avr/4.3.4/../../../avr/lib/avr4/crtm8.o
 .data          0x00800060       0x4e main.o
 .data          0x008000ae        0x0 uart.o
 .data          0x008000ae        0x0 /usr/lib/gcc/avr/4.3.4/avr4/libgcc.a(_exit.o)
 .data          0x008000ae        0x0 /usr/lib/gcc/avr/4.3.4/avr4/libgcc.a(_copy_data.o)
 .data          0x008000ae        0x0 /usr/lib/gcc/avr/4.3.4/avr4/libgcc.a(_clear_bss.o)
 .data          0x008000ae        0x0 /usr/lib/gcc/avr/4.3.4/../../../avr/lib/avr4/libc.a(vsprintf.o)
 .data          0x008000ae        0x0 /usr/lib/gcc/avr/4.3.4/../../../avr/lib/avr4/libc.a(vfprintf_std.o)
 .data          0x008000ae        0x0 /usr/lib/gcc/avr/4.3.4/../../../avr/lib/avr4/libc.a(strnlen_P.o)
 .data          0x008000ae        0x0 /usr/lib/gcc/avr/4.3.4/../../../avr/lib/avr4/libc.a(strnlen.o)
 .data          0x008000ae        0x0 /usr/lib/gcc/avr/4.3.4/../../../avr/lib/avr4/libc.a(fputc.o)
 .data          0x008000ae        0x0 /usr/lib/gcc/avr/4.3.4/../../../avr/lib/avr4/libc.a(ultoa_invert.o)
 .data          0x008000ae        0x0 /usr/lib/gcc/avr/4.3.4/avr4/libgcc.a(_prologue.o)
 .data          0x008000ae        0x0 /usr/lib/gcc/avr/4.3.4/avr4/libgcc.a(_epilogue.o)
 *(.data*)
 *(.rodata)
 *(.rodata*)
 *(.gnu.linkonce.d*)
                0x008000ae                . = ALIGN (0x2)
                0x008000ae                _edata = .
                0x008000ae                PROVIDE (__data_end, .)

.bss            0x008000ae       0x45
                0x008000ae                PROVIDE (__bss_start, .)
 *(.bss)
 .bss           0x008000ae        0x0 /usr/lib/gcc/avr/4.3.4/../../../avr/lib/avr4/crtm8.o
 .bss           0x008000ae        0x0 main.o
 .bss           0x008000ae       0x45 uart.o
 .bss           0x008000f3        0x0 /usr/lib/gcc/avr/4.3.4/avr4/libgcc.a(_exit.o)
 .bss           0x008000f3        0x0 /usr/lib/gcc/avr/4.3.4/avr4/libgcc.a(_copy_data.o)
 .bss           0x008000f3        0x0 /usr/lib/gcc/avr/4.3.4/avr4/libgcc.a(_clear_bss.o)
 .bss           0x008000f3        0x0 /usr/lib/gcc/avr/4.3.4/../../../avr/lib/avr4/libc.a(vsprintf.o)
 .bss           0x008000f3        0x0 /usr/lib/gcc/avr/4.3.4/../../../avr/lib/avr4/libc.a(vfprintf_std.o)
 .bss           0x008000f3        0x0 /usr/lib/gcc/avr/4.3.4/../../../avr/lib/avr4/libc.a(strnlen_P.o)
 .bss           0x008000f3        0x0 /usr/lib/gcc/avr/4.3.4/../../../avr/lib/avr4/libc.a(strnlen.o)
 .bss           0x008000f3        0x0 /usr/lib/gcc/avr/4.3.4/../../../avr/lib/avr4/libc.a(fputc.o)
 .bss           0x008000f3        0x0 /usr/lib/gcc/avr/4.3.4/../../../avr/lib/avr4/libc.a(ultoa_invert.o)
 .bss           0x008000f3        0x0 /usr/lib/gcc/avr/4.3.4/avr4/libgcc.a(_prologue.o)
 .bss           0x008000f3        0x0 /usr/lib/gcc/avr/4.3.4/avr4/libgcc.a(_epilogue.o)
 *(.bss*)
 *(COMMON)
                0x008000f3                PROVIDE (__bss_end, .)
                0x00000918                __data_load_start = LOADADDR (.data)
                0x00000966                __data_load_end = (__data_load_start + SIZEOF (.data))

.noinit         0x008000f3        0x0
                0x008000f3                PROVIDE (__noinit_start, .)
 *(.noinit*)
                0x008000f3                PROVIDE (__noinit_end, .)
                0x008000f3                _end = .
                0x008000f3                PROVIDE (__heap_start, .)

.eeprom         0x00810000        0x0
 *(.eeprom*)
                0x00810000                __eeprom_end = .

.fuse
 *(.fuse)
 *(.lfuse)
 *(.hfuse)
 *(.efuse)

.lock
 *(.lock*)

.signature
 *(.signature*)

.stab           0x00000000     0x1b78
 *(.stab)
 .stab          0x00000000      0x6b4 /usr/lib/gcc/avr/4.3.4/../../../avr/lib/avr4/crtm8.o
 .stab          0x000006b4      0x3c0 /usr/lib/gcc/avr/4.3.4/../../../avr/lib/avr4/libc.a(vsprintf.o)
                                0x3cc (size before relaxing)
 .stab          0x00000a74      0x978 /usr/lib/gcc/avr/4.3.4/../../../avr/lib/avr4/libc.a(vfprintf_std.o)
                                0xb58 (size before relaxing)
 .stab          0x000013ec       0x9c /usr/lib/gcc/avr/4.3.4/../../../avr/lib/avr4/libc.a(strnlen_P.o)
                                 0xa8 (size before relaxing)
 .stab          0x00001488       0x9c /usr/lib/gcc/avr/4.3.4/../../../avr/lib/avr4/libc.a(strnlen.o)
                                 0xa8 (size before relaxing)
 .stab          0x00001524      0x1d4 /usr/lib/gcc/avr/4.3.4/../../../avr/lib/avr4/libc.a(fputc.o)
                                0x3b4 (size before relaxing)
 .stab          0x000016f8      0x480 /usr/lib/gcc/avr/4.3.4/../../../avr/lib/avr4/libc.a(ultoa_invert.o)
                                0x48c (size before relaxing)

.stabstr        0x00000000      0xc9b
 *(.stabstr)
 .stabstr       0x00000000      0xc9b /usr/lib/gcc/avr/4.3.4/../../../avr/lib/avr4/crtm8.o

.stab.excl
 *(.stab.excl)

.stab.exclstr
 *(.stab.exclstr)

.stab.index
 *(.stab.index)

.stab.indexstr
 *(.stab.indexstr)

.comment
 *(.comment)

.debug
 *(.debug)

.line
 *(.line)

.debug_srcinfo
 *(.debug_srcinfo)

.debug_sfnames
 *(.debug_sfnames)

.debug_aranges
 *(.debug_aranges)

.debug_pubnames
 *(.debug_pubnames)

.debug_info
 *(.debug_info)
 *(.gnu.linkonce.wi.*)

.debug_abbrev
 *(.debug_abbrev)

.debug_line
 *(.debug_line)

.debug_frame
 *(.debug_frame)

.debug_str
 *(.debug_str)

.debug_loc
 *(.debug_loc)

.debug_macinfo
 *(.debug_macinfo)
OUTPUT(main.bin elf32-avr)
LOAD linker stubs
